// Jest Snapshot v1, https://goo.gl/fbAQLP

exports[`should render ConfirmRemoveModal correctly 1`] = `
<Modal
  ariaHideApp={true}
  bodyOpenClassName="ReactModal__Body--open"
  className="modal"
  closeTimeoutMS={200}
  contentLabel="Remove?"
  isOpen={false}
  parentSelector={[Function]}
  portalClassName="ReactModalPortal"
  shouldCloseOnEsc={true}
  shouldCloseOnOverlayClick={true}
  shouldFocusAfterRender={true}
  shouldReturnFocusAfterClose={true}
>
  <h3
    className="modal__title"
  >
    Are you sure?
  </h3>
  <p
    className="modal__subtitle"
  >
    You will not be able to recover this expense.
  </p>
  <div
    className="button-group"
  >
    <button
      className="button button--secondary"
    >
      Cancel
    </button>
    <button
      className="button button--warning"
    >
      Yes, delete it!
    </button>
  </div>
</Modal>
`;
