// Jest Snapshot v1, https://goo.gl/fbAQLP

exports[`should render LoginPage correclty 1`] = `
<div
  className="box-layout"
>
  <div
    className="box-layout__box"
  >
    <h1
      className="box-layout__title"
    >
      Expensify
    </h1>
    <p>
      It's time to get your expenses under control
    </p>
    <button
      className="button button--google"
    >
      <FontAwesomeIcon
        border={false}
        className="social-icon"
        fixedWidth={false}
        flip={null}
        icon={
          Object {
            "icon": Array [
              488,
              512,
              Array [],
              "f1a0",
              "M488 261.8C488 403.3 391.1 504 248 504 110.8 504 0 393.2 0 256S110.8 8 248 8c66.8 0 123 24.5 166.3 64.9l-67.5 64.9C258.5 52.6 94.3 116.6 94.3 256c0 86.5 69.1 156.6 153.7 156.6 98.2 0 135-70.4 140.8-106.9H248v-85.3h236.1c2.3 12.7 3.9 24.9 3.9 41.4z",
            ],
            "iconName": "google",
            "prefix": "fab",
          }
        }
        inverse={false}
        listItem={false}
        mask={null}
        pull={null}
        pulse={false}
        rotation={null}
        size={null}
        spin={false}
        symbol={false}
        transform={null}
      />
      Login with Google
    </button>
    <button
      className="button button--facebook button--last"
    >
      <FontAwesomeIcon
        border={false}
        className="social-icon"
        fixedWidth={false}
        flip={null}
        icon={
          Object {
            "icon": Array [
              264,
              512,
              Array [],
              "f39e",
              "M76.7 512V283H0v-91h76.7v-71.7C76.7 42.4 124.3 0 193.8 0c33.3 0 61.9 2.5 70.2 3.6V85h-48.2c-37.8 0-45.1 18-45.1 44.3V192H256l-11.7 91h-73.6v229",
            ],
            "iconName": "facebook-f",
            "prefix": "fab",
          }
        }
        inverse={false}
        listItem={false}
        mask={null}
        pull={null}
        pulse={false}
        rotation={null}
        size={null}
        spin={false}
        symbol={false}
        transform={null}
      />
      Login with Facebook
    </button>
  </div>
</div>
`;
